#
# There is insufficient memory for the Java Runtime Environment to continue.
# Native memory allocation (mmap) failed to map 201326592 bytes for G1 virtual space
# Possible reasons:
#   The system is out of physical RAM or swap space
#   The process is running with CompressedOops enabled, and the Java Heap may be blocking the growth of the native heap
# Possible solutions:
#   Reduce memory load on the system
#   Increase physical memory or swap space
#   Check if swap backing store is full
#   Decrease Java heap size (-Xmx/-Xms)
#   Decrease number of Java threads
#   Decrease Java thread stack sizes (-Xss)
#   Set larger code cache with -XX:ReservedCodeCacheSize=
#   JVM is running with Zero Based Compressed Oops mode in which the Java heap is
#     placed in the first 32GB address space. The Java Heap base address is the
#     maximum limit for the native heap growth. Please use -XX:HeapBaseMinAddress
#     to set the Java Heap base and to place the Java Heap above 32GB virtual address.
# This output file may be truncated or incomplete.
#
#  Out of Memory Error (os_windows.cpp:3548), pid=15844, tid=16156
#
# JRE version:  (17.0.12+8) (build )
# Java VM: Java HotSpot(TM) 64-Bit Server VM (17.0.12+8-LTS-286, mixed mode, sharing, tiered, compressed oops, compressed class ptrs, g1 gc, windows-amd64)
# No core dump will be written. Minidumps are not enabled by default on client versions of Windows
#

---------------  S U M M A R Y ------------

Command Line: --enable-native-access=ALL-UNNAMED 

Host: Intel(R) Core(TM) i5-6500 CPU @ 3.20GHz, 4 cores, 11G,  Windows 10 , 64 bit Build 19041 (10.0.19041.5915)
Time: Wed Apr 15 22:53:44 2026 Hora est. Pacífico, Sudamérica elapsed time: 0.016636 seconds (0d 0h 0m 0s)

---------------  T H R E A D  ---------------

Current thread (0x0000021a609d9500):  JavaThread "Unknown thread" [_thread_in_vm, id=16156, stack(0x0000006ee3000000,0x0000006ee3100000)]

Stack: [0x0000006ee3000000,0x0000006ee3100000]
Native frames: (J=compiled Java code, j=interpreted, Vv=VM code, C=native code)
V  [jvm.dll+0x67a04a]
V  [jvm.dll+0x7da4ed]
V  [jvm.dll+0x7dbe33]
V  [jvm.dll+0x7dc4a3]
V  [jvm.dll+0x24508f]
V  [jvm.dll+0x677089]
V  [jvm.dll+0x66bd32]
V  [jvm.dll+0x301fa6]
V  [jvm.dll+0x309546]
V  [jvm.dll+0x359d2e]
V  [jvm.dll+0x359f5f]
V  [jvm.dll+0x2d9078]
V  [jvm.dll+0x2d9fe4]
V  [jvm.dll+0x7aca21]
V  [jvm.dll+0x367591]
V  [jvm.dll+0x78b999]
V  [jvm.dll+0x3ec83f]
V  [jvm.dll+0x3ee471]
C  [jli.dll+0x5297]
C  [ucrtbase.dll+0x21bb2]
C  [KERNEL32.DLL+0x17374]
C  [ntdll.dll+0x4cc91]


---------------  P R O C E S S  ---------------

Threads class SMR info:
_java_thread_list=0x00007ffdac4a7a18, length=0, elements={
}

Java Threads: ( => current thread )

Other Threads:
  0x0000021a60a365d0 GCTaskThread "GC Thread#0" [stack: 0x0000006ee3100000,0x0000006ee3200000] [id=14976]
  0x0000021a60a43210 ConcurrentGCThread "G1 Main Marker" [stack: 0x0000006ee3200000,0x0000006ee3300000] [id=15300]
  0x0000021a60a43ac0 ConcurrentGCThread "G1 Conc#0" [stack: 0x0000006ee3300000,0x0000006ee3400000] [id=13504]

[error occurred during error reporting (printing all threads), id 0xc0000005, EXCEPTION_ACCESS_VIOLATION (0xc0000005) at pc=0x00007ffdabcd9b67]

VM state: not at safepoint (not fully initialized)

VM Mutex/Monitor currently owned by a thread:  ([mutex/lock_event])
[0x0000021a609d3150] Heap_lock - owner thread: 0x0000021a609d9500

Heap address: 0x0000000741a00000, size: 3046 MB, Compressed Oops mode: Zero based, Oop shift amount: 3

CDS archive(s) mapped at: [0x0000000000000000-0x0000000000000000-0x0000000000000000), size 0, SharedBaseAddress: 0x0000000800000000, ArchiveRelocationMode: 1.
Narrow klass base: 0x0000000000000000, Narrow klass shift: 0, Narrow klass range: 0x0

GC Precious Log:
<Empty>

Heap:
 garbage-first heap   total 0K, used 0K [0x0000000741a00000, 0x0000000800000000)
  region size 2048K, 0 young (0K), 0 survivors (0K)

[error occurred during error reporting (printing heap information), id 0xc0000005, EXCEPTION_ACCESS_VIOLATION (0xc0000005) at pc=0x00007ffdac0c3859]

GC Heap History (0 events):
No events

Deoptimization events (0 events):
No events

Classes unloaded (0 events):
No events

Classes redefined (0 events):
No events

Internal exceptions (0 events):
No events

VM Operations (0 events):
No events

Events (1 events):
Event: 0.009 Loaded shared library C:\Program Files\Java\jdk-17\bin\java.dll


Dynamic libraries:
0x00007ff60f6c0000 - 0x00007ff60f6d0000 	C:\Program Files\Java\jdk-17\bin\java.exe
0x00007ffe181f0000 - 0x00007ffe183e8000 	C:\Windows\SYSTEM32\ntdll.dll
0x00007ffe162e0000 - 0x00007ffe163a2000 	C:\Windows\System32\KERNEL32.DLL
0x00007ffe15a30000 - 0x00007ffe15d26000 	C:\Windows\System32\KERNELBASE.dll
0x00007ffe15f10000 - 0x00007ffe16010000 	C:\Windows\System32\ucrtbase.dll
0x00007ffdf7060000 - 0x00007ffdf7079000 	C:\Program Files\Java\jdk-17\bin\jli.dll
0x00007ffe0c3b0000 - 0x00007ffe0c3cb000 	C:\Program Files\Java\jdk-17\bin\VCRUNTIME140.dll
0x00007ffe16610000 - 0x00007ffe166c1000 	C:\Windows\System32\ADVAPI32.dll
0x00007ffe17080000 - 0x00007ffe1711e000 	C:\Windows\System32\msvcrt.dll
0x00007ffe17fb0000 - 0x00007ffe1804f000 	C:\Windows\System32\sechost.dll
0x00007ffe179f0000 - 0x00007ffe17b10000 	C:\Windows\System32\RPCRT4.dll
0x00007ffe160b0000 - 0x00007ffe160d7000 	C:\Windows\System32\bcrypt.dll
0x00007ffe163b0000 - 0x00007ffe16551000 	C:\Windows\System32\USER32.dll
0x00007ffe15ee0000 - 0x00007ffe15f02000 	C:\Windows\System32\win32u.dll
0x00007ffe179c0000 - 0x00007ffe179eb000 	C:\Windows\System32\GDI32.dll
0x00007ffe15880000 - 0x00007ffe15999000 	C:\Windows\System32\gdi32full.dll
0x00007ffe16010000 - 0x00007ffe160ad000 	C:\Windows\System32\msvcp_win.dll
0x00007ffe06f10000 - 0x00007ffe071ab000 	C:\Windows\WinSxS\amd64_microsoft.windows.common-controls_6595b64144ccf1df_6.0.19041.6456_none_60b8a6cb71f64256\COMCTL32.dll
0x00007ffe15320000 - 0x00007ffe1532a000 	C:\Windows\SYSTEM32\VERSION.dll
0x00007ffe16740000 - 0x00007ffe1676f000 	C:\Windows\System32\IMM32.DLL
0x000000005ef60000 - 0x000000005ef6d000 	C:\Program Files (x86)\360\Total Security\safemon\SafeWrapper.dll
0x00007ffe0f6c0000 - 0x00007ffe0f7c5000 	C:\Program Files (x86)\360\Total Security\safemon\libzdtp64.dll
0x00007ffe168a0000 - 0x00007ffe17010000 	C:\Windows\System32\SHELL32.dll
0x00007ffe17d40000 - 0x00007ffe17d9b000 	C:\Windows\System32\SHLWAPI.dll
0x00007ffe12c00000 - 0x00007ffe12c0c000 	C:\Program Files\Java\jdk-17\bin\vcruntime140_1.dll
0x00007ffde2660000 - 0x00007ffde26ee000 	C:\Program Files\Java\jdk-17\bin\msvcp140.dll
0x00007ffdab9f0000 - 0x00007ffdac5d0000 	C:\Program Files\Java\jdk-17\bin\server\jvm.dll
0x00007ffe17ec0000 - 0x00007ffe17ec8000 	C:\Windows\System32\PSAPI.DLL
0x00007ffe12c20000 - 0x00007ffe12c29000 	C:\Windows\SYSTEM32\WSOCK32.dll
0x00007ffe07560000 - 0x00007ffe07587000 	C:\Windows\SYSTEM32\WINMM.dll
0x00007ffe18050000 - 0x00007ffe180bb000 	C:\Windows\System32\WS2_32.dll
0x00007ffe13660000 - 0x00007ffe13672000 	C:\Windows\SYSTEM32\kernel.appcore.dll
0x00007ffe06120000 - 0x00007ffe0612a000 	C:\Program Files\Java\jdk-17\bin\jimage.dll
0x00007ffe07300000 - 0x00007ffe07501000 	C:\Windows\SYSTEM32\DBGHELP.DLL
0x00007ffdf7e30000 - 0x00007ffdf7e64000 	C:\Windows\SYSTEM32\dbgcore.DLL
0x00007ffe159a0000 - 0x00007ffe15a22000 	C:\Windows\System32\bcryptPrimitives.dll
0x00007ffde9bf0000 - 0x00007ffde9c15000 	C:\Program Files\Java\jdk-17\bin\java.dll

dbghelp: loaded successfully - version: 4.0.5 - missing functions: none
symbol engine: initialized successfully - sym options: 0x614 - pdb path: .;C:\Program Files\Java\jdk-17\bin;C:\Windows\SYSTEM32;C:\Windows\WinSxS\amd64_microsoft.windows.common-controls_6595b64144ccf1df_6.0.19041.6456_none_60b8a6cb71f64256;C:\Program Files (x86)\360\Total Security\safemon;C:\Program Files\Java\jdk-17\bin\server

VM Arguments:
jvm_args: --enable-native-access=ALL-UNNAMED 
java_command: <unknown>
java_class_path (initial): <not set>
Launcher Type: SUN_STANDARD

[Global flags]
     intx CICompilerCount                          = 3                                         {product} {ergonomic}
     uint ConcGCThreads                            = 1                                         {product} {ergonomic}
     uint G1ConcRefinementThreads                  = 4                                         {product} {ergonomic}
   size_t G1HeapRegionSize                         = 2097152                                   {product} {ergonomic}
    uintx GCDrainStackTargetSize                   = 64                                        {product} {ergonomic}
   size_t InitialHeapSize                          = 201326592                                 {product} {ergonomic}
   size_t MarkStackSize                            = 4194304                                   {product} {ergonomic}
   size_t MaxHeapSize                              = 3193962496                                {product} {ergonomic}
   size_t MinHeapDeltaBytes                        = 2097152                                   {product} {ergonomic}
   size_t MinHeapSize                              = 8388608                                   {product} {ergonomic}
    uintx NonNMethodCodeHeapSize                   = 5832780                                {pd product} {ergonomic}
    uintx NonProfiledCodeHeapSize                  = 122912730                              {pd product} {ergonomic}
    uintx ProfiledCodeHeapSize                     = 122912730                              {pd product} {ergonomic}
    uintx ReservedCodeCacheSize                    = 251658240                              {pd product} {ergonomic}
     bool SegmentedCodeCache                       = true                                      {product} {ergonomic}
   size_t SoftMaxHeapSize                          = 3193962496                             {manageable} {ergonomic}
     bool UseCompressedClassPointers               = true                           {product lp64_product} {ergonomic}
     bool UseCompressedOops                        = true                           {product lp64_product} {ergonomic}
     bool UseG1GC                                  = true                                      {product} {ergonomic}
     bool UseLargePagesIndividualAllocation        = false                                  {pd product} {ergonomic}

Logging:
Log output configuration:
 #0: stdout all=warning uptime,level,tags
 #1: stderr all=off uptime,level,tags

Environment Variables:
JAVA_HOME=C:\Program Files\Java\jdk-17
PATH=C:\Program Files (x86)\Common Files\Oracle\Java\javapath;C:\Windows\system32;C:\Windows;C:\Windows\System32\Wbem;C:\Windows\System32\WindowsPowerShell\v1.0\;C:\Windows\System32\OpenSSH\;C:\Program Files\PuTTY\;C:\Program Files\nodejs\;C:\Program Files\Git\cmd;C:\Users\Napaico\AppData\Local\Microsoft\WindowsApps;C:\Users\Napaico\AppData\Local\Programs\Microsoft VS Code\bin;C:\Program Files\Java\jdk-17\bin;C:\apache-maven-3.9.9\bin;C:\Program Files (x86)\Microsoft SQL Server\160\DTS\Binn\;C:\Program Files\Azure Data Studio\bin;C:\Program Files\Docker\Docker\resources\bin;C:\Users\Napaico\AppData\Local\Programs\Python\Python313\Scripts\;C:\Users\Napaico\AppData\Local\Programs\Python\Python313\;C:\Users\Napaico\AppData\Local\Programs\Python\Launcher\;C:\Program Files\Common Files\Oracle\Java\javapath;C:\Windows\system32;C:\Windows;C:\Windows\System32\Wbem;C:\Windows\System32\WindowsPowerShell\v1.0\;C:\Windows\System32\OpenSSH\;C:\Program Files\PuTTY\;C:\Program Files\nodejs\;C:\Program Files\Git\cmd;C:\Program Files\Docker\Docker\resources\bin;C:\Users\Napaico\AppData\Local\Microsoft\WindowsApps;C:\Users\Napaico\AppData\Local\Programs\Microsoft VS Code\bin;C:\Program Files\Java\jdk-17\bin;C:\apache-maven-3.9.9\bin;C:\Program Files\Azure Data Studio\bin;C:\Users\Napaico\.bun\bin;c:\Users\Napaico\.vscode\extensions\vscjava.vscode-java-debug-0.58.5\bundled\scripts\noConfigScripts
USERNAME=Napaico
LANG=en_US.UTF-8
OS=Windows_NT
PROCESSOR_IDENTIFIER=Intel64 Family 6 Model 94 Stepping 3, GenuineIntel



---------------  S Y S T E M  ---------------

OS:
 Windows 10 , 64 bit Build 19041 (10.0.19041.5915)
OS uptime: 2 days 14:47 hours
Hyper-V role detected

CPU: total 4 (initial active 4) (4 cores per cpu, 1 threads per core) family 6 model 94 stepping 3 microcode 0xcc, cx8, cmov, fxsr, mmx, 3dnowpref, sse, sse2, sse3, ssse3, sse4.1, sse4.2, popcnt, lzcnt, tsc, tscinvbit, avx, avx2, aes, erms, clmul, bmi1, bmi2, rtm, adx, fma, vzeroupper, clflush, clflushopt, hv

Memory: 4k page, system-wide physical 12181M (2884M free)
TotalPageFile size 26405M (AvailPageFile size 51M)
current process WorkingSet (physical memory assigned to process): 11M, peak: 11M
current process commit charge ("private bytes"): 52M, peak: 244M

vm_info: Java HotSpot(TM) 64-Bit Server VM (17.0.12+8-LTS-286) for windows-amd64 JRE (17.0.12+8-LTS-286), built on Jun  5 2024 06:46:59 by "mach5one" with MS VC++ 17.6 (VS2022)

END.
